###############################################################################
#
# IAR ELF Linker V7.40.1.8447/W32 for ARM                 09/Jun/2016  23:37:54
# Copyright 2007-2015 IAR Systems AB.
#
#    Output file  =  
#        D:\polaris_board\polaris_board\EWARM\polaris_board
#        Configuration\Exe\polaris_board Configuration.out
#    Map file     =  
#        D:\polaris_board\polaris_board\EWARM\polaris_board
#        Configuration/List\polaris_board Configuration.map
#    Command line =  
#        "D:\polaris_board\polaris_board\EWARM\polaris_board
#        Configuration\Obj\channel_driver.o"
#        "D:\polaris_board\polaris_board\EWARM\polaris_board
#        Configuration\Obj\encoder.o"
#        "D:\polaris_board\polaris_board\EWARM\polaris_board
#        Configuration\Obj\main.o"
#        "D:\polaris_board\polaris_board\EWARM\polaris_board
#        Configuration\Obj\menu.o"
#        "D:\polaris_board\polaris_board\EWARM\polaris_board
#        Configuration\Obj\protocol.o"
#        "D:\polaris_board\polaris_board\EWARM\polaris_board
#        Configuration\Obj\startup_stm32f405xx.o"
#        "D:\polaris_board\polaris_board\EWARM\polaris_board
#        Configuration\Obj\stm32f4xx_hal.o"
#        "D:\polaris_board\polaris_board\EWARM\polaris_board
#        Configuration\Obj\stm32f4xx_hal_adc.o"
#        "D:\polaris_board\polaris_board\EWARM\polaris_board
#        Configuration\Obj\stm32f4xx_hal_adc_ex.o"
#        "D:\polaris_board\polaris_board\EWARM\polaris_board
#        Configuration\Obj\stm32f4xx_hal_cortex.o"
#        "D:\polaris_board\polaris_board\EWARM\polaris_board
#        Configuration\Obj\stm32f4xx_hal_dma.o"
#        "D:\polaris_board\polaris_board\EWARM\polaris_board
#        Configuration\Obj\stm32f4xx_hal_dma_ex.o"
#        "D:\polaris_board\polaris_board\EWARM\polaris_board
#        Configuration\Obj\stm32f4xx_hal_flash.o"
#        "D:\polaris_board\polaris_board\EWARM\polaris_board
#        Configuration\Obj\stm32f4xx_hal_flash_ex.o"
#        "D:\polaris_board\polaris_board\EWARM\polaris_board
#        Configuration\Obj\stm32f4xx_hal_flash_ramfunc.o"
#        "D:\polaris_board\polaris_board\EWARM\polaris_board
#        Configuration\Obj\stm32f4xx_hal_gpio.o"
#        "D:\polaris_board\polaris_board\EWARM\polaris_board
#        Configuration\Obj\stm32f4xx_hal_i2c.o"
#        "D:\polaris_board\polaris_board\EWARM\polaris_board
#        Configuration\Obj\stm32f4xx_hal_i2c_ex.o"
#        "D:\polaris_board\polaris_board\EWARM\polaris_board
#        Configuration\Obj\stm32f4xx_hal_msp.o"
#        "D:\polaris_board\polaris_board\EWARM\polaris_board
#        Configuration\Obj\stm32f4xx_hal_pwr.o"
#        "D:\polaris_board\polaris_board\EWARM\polaris_board
#        Configuration\Obj\stm32f4xx_hal_pwr_ex.o"
#        "D:\polaris_board\polaris_board\EWARM\polaris_board
#        Configuration\Obj\stm32f4xx_hal_rcc.o"
#        "D:\polaris_board\polaris_board\EWARM\polaris_board
#        Configuration\Obj\stm32f4xx_hal_rcc_ex.o"
#        "D:\polaris_board\polaris_board\EWARM\polaris_board
#        Configuration\Obj\stm32f4xx_hal_spi.o"
#        "D:\polaris_board\polaris_board\EWARM\polaris_board
#        Configuration\Obj\stm32f4xx_hal_tim.o"
#        "D:\polaris_board\polaris_board\EWARM\polaris_board
#        Configuration\Obj\stm32f4xx_hal_tim_ex.o"
#        "D:\polaris_board\polaris_board\EWARM\polaris_board
#        Configuration\Obj\stm32f4xx_hal_uart.o"
#        "D:\polaris_board\polaris_board\EWARM\polaris_board
#        Configuration\Obj\stm32f4xx_it.o"
#        "D:\polaris_board\polaris_board\EWARM\polaris_board
#        Configuration\Obj\system_stm32f4xx.o"
#        "D:\polaris_board\polaris_board\EWARM\polaris_board
#        Configuration\Obj\timer.o"
#        "D:\polaris_board\polaris_board\EWARM\polaris_board
#        Configuration\Obj\wh1604.o" --redirect _Printf=_PrintfFull --redirect
#        _Scanf=_ScanfFull -o
#        "D:\polaris_board\polaris_board\EWARM\polaris_board
#        Configuration\Exe\polaris_board Configuration.out" --map
#        "D:\polaris_board\polaris_board\EWARM\polaris_board
#        Configuration/List\polaris_board Configuration.map" --config
#        D:\polaris_board\polaris_board\EWARM/stm32f405xx_flash.icf --entry
#        __iar_program_start --vfe
#
###############################################################################

*******************************************************************************
*** RUNTIME MODEL ATTRIBUTES
***

CppFlavor                     = *
__Heap_Handler                = Basic
__SystemLibrary               = DLib
__dlib_dynamic_initialization = normal


*******************************************************************************
*** PLACEMENT SUMMARY
***

"A1":  place at 0x08000000 { ro section .intvec };
"P1":  place in [from 0x08000000 to 0x080fffff] { ro };
"P2":  place in [from 0x20000000 to 0x2001ffff] { rw, block CSTACK, block HEAP };

  Section             Kind        Address    Size  Object
  -------             ----        -------    ----  ------
"A1":                                       0x188
  .intvec             ro code  0x08000000   0x188  startup_stm32f405xx.o [1]
                             - 0x08000188   0x188

"P1":                                      0x6c36
  .text               ro code  0x08000188  0x1156  xprintffull.o [3]
  .text               ro code  0x080012de    0x20  xmbtowc.o [3]
  .text               ro code  0x080012fe    0x22  zero_init3.o [5]
  .text               ro code  0x08001320    0x16  strchr.o [5]
  .text               ro code  0x08001336     0xa  xsprout.o [3]
  .text               ro code  0x08001340    0x36  strlen.o [5]
  .text               ro code  0x08001378    0x58  memchr.o [5]
  .text               ro code  0x080013d0     0xa  xmbcurmax.o [3]
  .text               ro code  0x080013dc    0xb0  xxmemxmalloc.o [3]
  .text               ro code  0x0800148c    0x1a  xwctomb.o [3]
  .text               ro code  0x080014a8    0x76  ABImemcpy_unaligned.o [5]
  .text               ro code  0x08001520    0x80  xxmemxfree.o [3]
  .text               ro code  0x080015a0    0xee  I64DivMod.o [5]
  .text               ro code  0x0800168e    0x42  xdnorm.o [4]
  .text               ro code  0x080016d0    0x2e  DblCmpLe.o [4]
  .text               ro code  0x08001700    0x2e  DblCmpGe.o [4]
  .text               ro code  0x08001730   0x118  xdscale.o [4]
  .text               ro code  0x08001848    0x58  DblToI32.o [4]
  .text               ro code  0x080018a0    0x30  I32ToDbl.o [4]
  .text               ro code  0x080018d0   0x180  DblSub.o [4]
  .text               ro code  0x08001a50   0x1a2  DblMul.o [4]
  .text               ro code  0x08001bf4   0x256  DblDiv.o [4]
  .text               ro code  0x08001e4c    0x6c  localeconv.o [3]
  .text               ro code  0x08001eb8     0xe  div.o [3]
  .text               ro code  0x08001ec8    0x14  setlocale.o [3]
  .text               ro code  0x08001edc    0x60  xencoding_sb.o [3]
  .text               ro code  0x08001f3c    0x2c  xgetmemchunk.o [3]
  .text               ro code  0x08001f68     0x2  I64DivZer.o [5]
  .text               ro code  0x08001f6c    0xe8  DblAdd.o [4]
  .text               ro code  0x08002054     0x2  xtls.o [3]
  .text               ro code  0x08002058   0xf98  menu.o [1]
  .text               ro code  0x08002ff0    0x4e  FltToDbl.o [4]
  .text               ro code  0x08003040    0x90  DblToFlt.o [4]
  .text               ro code  0x080030d0   0x124  encoder.o [1]
  .text               ro code  0x080031f4   0x278  stm32f4xx_hal_gpio.o [1]
  .text               ro code  0x0800346c    0x94  stm32f4xx_hal.o [1]
  .text               ro code  0x08003500    0x34  sprintf.o [3]
  .text               ro code  0x08003534   0x1fe  wh1604.o [1]
  .text               ro code  0x08003734   0x1f0  timer.o [1]
  .text               ro code  0x08003924   0x7a8  channel_driver.o [1]
  .text               ro code  0x080040cc   0x2ac  protocol.o [1]
  .text               ro code  0x08004378   0x738  stm32f4xx_hal_tim.o [1]
  .text               ro code  0x08004ab0     0x8  abs.o [3]
  .text               ro code  0x08004ab8   0x166  stm32f4xx_hal_cortex.o [1]
  .text               ro code  0x08004c20   0x158  stm32f4xx_hal_msp.o [1]
  .text               ro code  0x08004d78   0x72c  stm32f4xx_hal_rcc.o [1]
  .text               ro code  0x080054a4   0x490  stm32f4xx_hal_adc.o [1]
  .text               ro code  0x08005934   0x4f0  stm32f4xx_hal_spi.o [1]
  .text               ro code  0x08005e24   0x4ba  stm32f4xx_hal_uart.o [1]
  .text               ro code  0x080062e0    0xa6  stm32f4xx_hal_tim_ex.o [1]
  .text               ro code  0x08006388   0x3a0  main.o [1]
  .text               ro code  0x08006728    0xd0  packbits_init.o [5]
  .text               ro code  0x080067f8     0x6  abort.o [3]
  .text               ro code  0x08006800     0xc  XXexit.o [5]
  .text               ro code  0x0800680c    0x6c  system_stm32f4xx.o [1]
  .text               ro code  0x08006878    0x58  stm32f4xx_it.o [1]
  .rodata             const    0x080068d0    0x40  wh1604.o [1]
  .text               ro code  0x08006910    0x28  data_init.o [5]
  .text               ro code  0x08006938    0x22  fpinit_M.o [4]
  .iar.init_table     const    0x0800695c    0x2c  - Linker created -
  .text               ro code  0x08006988    0x1a  cmain.o [5]
  .text               ro code  0x080069a2     0x4  low_level_init.o [3]
  .text               ro code  0x080069a6     0x4  exit.o [3]
  .text               ro code  0x080069ac     0xa  cexit.o [5]
  .rodata             const    0x080069b8    0x14  menu.o [1]
  .rodata             const    0x080069cc    0x14  menu.o [1]
  .rodata             const    0x080069e0    0x14  menu.o [1]
  .rodata             const    0x080069f4    0x14  menu.o [1]
  .rodata             const    0x08006a08    0x14  menu.o [1]
  .rodata             const    0x08006a1c    0x14  menu.o [1]
  .rodata             const    0x08006a30    0x14  menu.o [1]
  .rodata             const    0x08006a44    0x14  menu.o [1]
  .rodata             const    0x08006a58    0x14  menu.o [1]
  .rodata             const    0x08006a6c    0x14  menu.o [1]
  .rodata             const    0x08006a80    0x14  menu.o [1]
  .rodata             const    0x08006a94    0x14  menu.o [1]
  .rodata             const    0x08006aa8    0x14  menu.o [1]
  .rodata             const    0x08006abc    0x14  menu.o [1]
  .rodata             const    0x08006ad0    0x14  menu.o [1]
  .rodata             const    0x08006ae4    0x14  menu.o [1]
  .rodata             const    0x08006af8    0x14  menu.o [1]
  .rodata             const    0x08006b0c    0x14  menu.o [1]
  .rodata             const    0x08006b20    0x14  menu.o [1]
  .rodata             const    0x08006b34    0x14  menu.o [1]
  .rodata             const    0x08006b48    0x14  menu.o [1]
  .rodata             const    0x08006b5c    0x14  menu.o [1]
  .rodata             const    0x08006b70    0x14  menu.o [1]
  .rodata             const    0x08006b84    0x14  menu.o [1]
  .rodata             const    0x08006b98    0x14  menu.o [1]
  .rodata             const    0x08006bac    0x14  menu.o [1]
  .rodata             const    0x08006bc0    0x14  menu.o [1]
  .rodata             const    0x08006bd4    0x14  menu.o [1]
  .rodata             const    0x08006be8    0x14  menu.o [1]
  .rodata             const    0x08006bfc    0x10  menu.o [1]
  .rodata             const    0x08006c0c    0x10  stm32f4xx_hal_rcc.o [1]
  .text               ro code  0x08006c1c    0x10  startup_stm32f405xx.o [1]
  .text               ro code  0x08006c2c     0xc  cstartup_M.o [5]
  .rodata             const    0x08006c38     0x4  menu.o [1]
  .rodata             const    0x08006c3c     0x4  menu.o [1]
  .rodata             const    0x08006c40     0x4  menu.o [1]
  .rodata             const    0x08006c44     0x4  menu.o [1]
  .rodata             const    0x08006c48     0x4  menu.o [1]
  .rodata             const    0x08006c4c     0x4  menu.o [1]
  .text               ro code  0x08006c50     0x4  startup_stm32f405xx.o [1]
  .text               ro code  0x08006c54     0x4  startup_stm32f405xx.o [1]
  .text               ro code  0x08006c58     0x4  startup_stm32f405xx.o [1]
  .text               ro code  0x08006c5c     0x4  startup_stm32f405xx.o [1]
  .text               ro code  0x08006c60     0x4  startup_stm32f405xx.o [1]
  .text               ro code  0x08006c64     0x4  startup_stm32f405xx.o [1]
  .text               ro code  0x08006c68     0x4  startup_stm32f405xx.o [1]
  .text               ro code  0x08006c6c     0x4  startup_stm32f405xx.o [1]
  .text               ro code  0x08006c70     0x4  startup_stm32f405xx.o [1]
  .text               ro code  0x08006c74     0x4  startup_stm32f405xx.o [1]
  .text               ro code  0x08006c78     0x4  startup_stm32f405xx.o [1]
  .text               ro code  0x08006c7c     0x4  startup_stm32f405xx.o [1]
  .text               ro code  0x08006c80     0x4  startup_stm32f405xx.o [1]
  .text               ro code  0x08006c84     0x4  startup_stm32f405xx.o [1]
  .text               ro code  0x08006c88     0x4  startup_stm32f405xx.o [1]
  .text               ro code  0x08006c8c     0x4  startup_stm32f405xx.o [1]
  .text               ro code  0x08006c90     0x4  startup_stm32f405xx.o [1]
  .text               ro code  0x08006c94     0x4  startup_stm32f405xx.o [1]
  .text               ro code  0x08006c98     0x4  startup_stm32f405xx.o [1]
  .text               ro code  0x08006c9c     0x4  startup_stm32f405xx.o [1]
  .text               ro code  0x08006ca0     0x4  startup_stm32f405xx.o [1]
  .text               ro code  0x08006ca4     0x4  startup_stm32f405xx.o [1]
  .text               ro code  0x08006ca8     0x4  startup_stm32f405xx.o [1]
  .text               ro code  0x08006cac     0x4  startup_stm32f405xx.o [1]
  .text               ro code  0x08006cb0     0x4  startup_stm32f405xx.o [1]
  .text               ro code  0x08006cb4     0x4  startup_stm32f405xx.o [1]
  .text               ro code  0x08006cb8     0x4  startup_stm32f405xx.o [1]
  .text               ro code  0x08006cbc     0x4  startup_stm32f405xx.o [1]
  .text               ro code  0x08006cc0     0x4  startup_stm32f405xx.o [1]
  .text               ro code  0x08006cc4     0x4  startup_stm32f405xx.o [1]
  .text               ro code  0x08006cc8     0x4  startup_stm32f405xx.o [1]
  .text               ro code  0x08006ccc     0x4  startup_stm32f405xx.o [1]
  .text               ro code  0x08006cd0     0x4  startup_stm32f405xx.o [1]
  .text               ro code  0x08006cd4     0x4  startup_stm32f405xx.o [1]
  .text               ro code  0x08006cd8     0x4  startup_stm32f405xx.o [1]
  .text               ro code  0x08006cdc     0x4  startup_stm32f405xx.o [1]
  .text               ro code  0x08006ce0     0x4  startup_stm32f405xx.o [1]
  .text               ro code  0x08006ce4     0x4  startup_stm32f405xx.o [1]
  .text               ro code  0x08006ce8     0x4  startup_stm32f405xx.o [1]
  .text               ro code  0x08006cec     0x4  startup_stm32f405xx.o [1]
  .text               ro code  0x08006cf0     0x4  startup_stm32f405xx.o [1]
  .text               ro code  0x08006cf4     0x4  startup_stm32f405xx.o [1]
  .text               ro code  0x08006cf8     0x4  startup_stm32f405xx.o [1]
  .text               ro code  0x08006cfc     0x4  startup_stm32f405xx.o [1]
  .text               ro code  0x08006d00     0x4  startup_stm32f405xx.o [1]
  .text               ro code  0x08006d04     0x4  startup_stm32f405xx.o [1]
  .text               ro code  0x08006d08     0x4  startup_stm32f405xx.o [1]
  .text               ro code  0x08006d0c     0x4  startup_stm32f405xx.o [1]
  .text               ro code  0x08006d10     0x4  startup_stm32f405xx.o [1]
  .text               ro code  0x08006d14     0x4  startup_stm32f405xx.o [1]
  .text               ro code  0x08006d18     0x4  startup_stm32f405xx.o [1]
  .text               ro code  0x08006d1c     0x4  startup_stm32f405xx.o [1]
  .text               ro code  0x08006d20     0x4  startup_stm32f405xx.o [1]
  .text               ro code  0x08006d24     0x4  startup_stm32f405xx.o [1]
  .text               ro code  0x08006d28     0x4  startup_stm32f405xx.o [1]
  .text               ro code  0x08006d2c     0x4  startup_stm32f405xx.o [1]
  .text               ro code  0x08006d30     0x4  startup_stm32f405xx.o [1]
  .text               ro code  0x08006d34     0x4  startup_stm32f405xx.o [1]
  .text               ro code  0x08006d38     0x4  startup_stm32f405xx.o [1]
  .text               ro code  0x08006d3c     0x4  startup_stm32f405xx.o [1]
  .text               ro code  0x08006d40     0x4  startup_stm32f405xx.o [1]
  .text               ro code  0x08006d44     0x4  startup_stm32f405xx.o [1]
  .text               ro code  0x08006d48     0x4  startup_stm32f405xx.o [1]
  .text               ro code  0x08006d4c     0x4  startup_stm32f405xx.o [1]
  .text               ro code  0x08006d50     0x4  startup_stm32f405xx.o [1]
  .text               ro code  0x08006d54     0x4  startup_stm32f405xx.o [1]
  .text               ro code  0x08006d58     0x4  startup_stm32f405xx.o [1]
  .text               ro code  0x08006d5c     0x4  startup_stm32f405xx.o [1]
  .text               ro code  0x08006d60     0x4  startup_stm32f405xx.o [1]
  .text               ro code  0x08006d64     0x4  startup_stm32f405xx.o [1]
  .text               ro code  0x08006d68     0x4  startup_stm32f405xx.o [1]
  .text               ro code  0x08006d6c     0x4  startup_stm32f405xx.o [1]
  .text               ro code  0x08006d70     0x4  startup_stm32f405xx.o [1]
  .text               ro code  0x08006d74     0x4  startup_stm32f405xx.o [1]
  .text               ro code  0x08006d78     0x4  startup_stm32f405xx.o [1]
  .text               ro code  0x08006d7c     0x4  startup_stm32f405xx.o [1]
  .text               ro code  0x08006d80     0x4  startup_stm32f405xx.o [1]
  .text               ro code  0x08006d84     0x4  startup_stm32f405xx.o [1]
  .text               ro code  0x08006d88     0x4  startup_stm32f405xx.o [1]
  .text               ro code  0x08006d8c     0x4  startup_stm32f405xx.o [1]
  .text               ro code  0x08006d90     0x4  startup_stm32f405xx.o [1]
  .rodata             const    0x08006d94     0x0  zero_init3.o [5]
  .rodata             const    0x08006d94     0x0  packbits_init.o [5]
  Initializer bytes   const    0x08006d94    0x2a  <for P2 s0>
                             - 0x08006dbe  0x6c36

"P2":                                      0x1808
  P2 s0                        0x20000000   0x11f  <Init block>
    __DLIB_PERTHREAD  inited   0x20000000    0x88  localeconv.o [3]
    __DLIB_PERTHREAD  inited   0x20000088    0x74  setlocale.o [3]
    .data             inited   0x200000fc     0x4  menu.o [1]
    .data             inited   0x20000100     0x4  menu.o [1]
    .data             inited   0x20000104     0x4  menu.o [1]
    .data             inited   0x20000108     0x4  menu.o [1]
    .data             inited   0x2000010c     0x4  system_stm32f4xx.o [1]
    .data             inited   0x20000110     0x1  encoder.o [1]
    .data             inited   0x20000111     0x1  menu.o [1]
    .data             inited   0x20000112     0x1  menu.o [1]
    .data             inited   0x20000113     0x1  menu.o [1]
    .data             inited   0x20000114     0x1  menu.o [1]
    .data             inited   0x20000115     0x1  menu.o [1]
    .data             inited   0x20000116     0x1  menu.o [1]
    .data             inited   0x20000117     0x1  menu.o [1]
    .data             inited   0x20000118     0x1  menu.o [1]
    .data             inited   0x20000119     0x1  menu.o [1]
    .data             inited   0x2000011a     0x1  menu.o [1]
    .data             inited   0x2000011b     0x1  protocol.o [1]
    .data             inited   0x2000011c     0x1  protocol.o [1]
    .data             inited   0x2000011d     0x1  protocol.o [1]
    .data             inited   0x2000011e     0x1  protocol.o [1]
  .bss                zero     0x20000120    0x80  protocol.o [1]
  .bss                zero     0x200001a0    0x58  main.o [1]
  .bss                zero     0x200001f8    0x44  channel_driver.o [1]
  .bss                zero     0x2000023c    0x40  protocol.o [1]
  .bss                zero     0x2000027c    0x3c  main.o [1]
  .bss                zero     0x200002b8    0x3c  main.o [1]
  .bss                zero     0x200002f4    0x20  menu.o [1]
  .bss                zero     0x20000314    0x20  menu.o [1]
  .bss                zero     0x20000334    0x20  menu.o [1]
  .bss                zero     0x20000354    0x20  menu.o [1]
  .bss                zero     0x20000374     0x8  xxmemxmalloc.o [3]
  .bss                zero     0x2000037c     0x4  channel_driver.o [1]
  .bss                zero     0x20000380     0x4  channel_driver.o [1]
  .bss                zero     0x20000384     0x4  channel_driver.o [1]
  .bss                zero     0x20000388     0x4  channel_driver.o [1]
  .bss                zero     0x2000038c     0x4  encoder.o [1]
  .bss                zero     0x20000390     0x4  encoder.o [1]
  .bss                zero     0x20000394     0x4  menu.o [1]
  .bss                zero     0x20000398     0x4  menu.o [1]
  .bss                zero     0x2000039c     0x4  menu.o [1]
  .bss                zero     0x200003a0     0x4  menu.o [1]
  .bss                zero     0x200003a4     0x4  menu.o [1]
  .bss                zero     0x200003a8     0x4  menu.o [1]
  .bss                zero     0x200003ac     0x4  menu.o [1]
  .bss                zero     0x200003b0     0x4  menu.o [1]
  .bss                zero     0x200003b4     0x4  menu.o [1]
  .bss                zero     0x200003b8     0x4  menu.o [1]
  .bss                zero     0x200003bc     0x4  menu.o [1]
  .bss                zero     0x200003c0     0x4  menu.o [1]
  .bss                zero     0x200003c4     0x4  menu.o [1]
  .bss                zero     0x200003c8     0x4  menu.o [1]
  .bss                zero     0x200003cc     0x4  menu.o [1]
  .bss                zero     0x200003d0     0x4  menu.o [1]
  .bss                zero     0x200003d4     0x4  protocol.o [1]
  .bss                zero     0x200003d8     0x4  protocol.o [1]
  .bss                zero     0x200003dc     0x4  stm32f4xx_hal.o [1]
  .bss                zero     0x200003e0     0x4  timer.o [1]
  .bss                zero     0x200003e4     0x4  timer.o [1]
  .bss                zero     0x200003e8     0x4  xgetmemchunk.o [3]
  .bss                zero     0x200003ec     0x1  channel_driver.o [1]
  .bss                zero     0x200003ed     0x1  channel_driver.o [1]
  .bss                zero     0x200003ee     0x1  encoder.o [1]
  .bss                zero     0x200003ef     0x1  encoder.o [1]
  .bss                zero     0x200003f0     0x1  encoder.o [1]
  .bss                zero     0x200003f1     0x1  protocol.o [1]
  .bss                zero     0x200003f2     0x1  protocol.o [1]
  .bss                zero     0x200003f3     0x1  protocol.o [1]
  .bss                zero     0x200003f4     0x1  protocol.o [1]
  .bss                zero     0x200003f5     0x1  protocol.o [1]
  .bss                zero     0x200003f6     0x1  protocol.o [1]
  .bss                zero     0x200003f7     0x1  protocol.o [1]
  .bss                zero     0x200003f8     0x1  protocol.o [1]
  .bss                zero     0x200003f9     0x1  timer.o [1]
  .bss                zero     0x200003fa     0x1  timer.o [1]
  .bss                zero     0x200003fb     0x1  timer.o [1]
  .bss                zero     0x200003fc     0x1  timer.o [1]
  .bss                zero     0x200003fd     0x1  timer.o [1]
  .bss                zero     0x200003fe     0x1  timer.o [1]
  .bss                zero     0x200003ff     0x1  timer.o [1]
  .bss                zero     0x20000400     0x1  timer.o [1]
  .bss                zero     0x20000401     0x1  timer.o [1]
  CSTACK                       0x20000408  0x1000  <Block>
    CSTACK            uninit   0x20000408  0x1000  <Block tail>
  HEAP                         0x20001408   0x400  <Block>
    HEAP              uninit   0x20001408   0x400  <Block tail>
                             - 0x20001808  0x1808


*******************************************************************************
*** INIT TABLE
***

          Address     Size
          -------     ----
Zero (__iar_zero_init3)
    1 destination range, total size 0x2e2:
          0x20000120  0x2e2

Copy/packbits (__iar_packbits_init3)
    1 source range, total size 0x2a (14% of destination):
          0x08006d94   0x2a
    1 destination range, total size 0x11f:
          0x20000000  0x11f



*******************************************************************************
*** MODULE SUMMARY
***

    Module                  ro code  ro data  rw data
    ------                  -------  -------  -------
D:\polaris_board\polaris_board\EWARM\polaris_board Configuration\Obj: [1]
    channel_driver.o          1 960                86
    encoder.o                   292                12
    main.o                      928               208
    menu.o                    3 992      625      218
    protocol.o                  684        1      212
    startup_stm32f405xx.o       732
    stm32f4xx_hal.o             148                 4
    stm32f4xx_hal_adc.o       1 168
    stm32f4xx_hal_cortex.o      358
    stm32f4xx_hal_gpio.o        632
    stm32f4xx_hal_msp.o         344
    stm32f4xx_hal_rcc.o       1 836       16
    stm32f4xx_hal_spi.o       1 264
    stm32f4xx_hal_tim.o       1 848
    stm32f4xx_hal_tim_ex.o      166
    stm32f4xx_hal_uart.o      1 210
    stm32f4xx_it.o               88
    system_stm32f4xx.o          108                 4
    timer.o                     496                17
    wh1604.o                    510       64
    -------------------------------------------------
    Total:                   18 764      706      761

command line: [2]
    -------------------------------------------------
    Total:

dl7M_tlf.a: [3]
    abort.o                       6
    abs.o                         8
    div.o                        14
    exit.o                        4
    localeconv.o                108       19      136
    low_level_init.o              4
    setlocale.o                  20       17      116
    sprintf.o                    52
    xencoding_sb.o               96
    xgetmemchunk.o               44                 4
    xmbcurmax.o                  10
    xmbtowc.o                    32
    xprintffull.o             4 438
    xsprout.o                    10
    xtls.o                        2
    xwctomb.o                    26
    xxmemxfree.o                128
    xxmemxmalloc.o              176                 8
    -------------------------------------------------
    Total:                    5 178       36      264

m7M_tls.a: [4]
    DblAdd.o                    232
    DblCmpGe.o                   46
    DblCmpLe.o                   46
    DblDiv.o                    598
    DblMul.o                    418
    DblSub.o                    384
    DblToFlt.o                  144
    DblToI32.o                   88
    FltToDbl.o                   78
    I32ToDbl.o                   48
    fpinit_M.o                   34
    xdnorm.o                     66
    xdscale.o                   280
    -------------------------------------------------
    Total:                    2 462

rt7M_tl.a: [5]
    ABImemcpy_unaligned.o       118
    I64DivMod.o                 238
    I64DivZer.o                   2
    XXexit.o                     12
    cexit.o                      10
    cmain.o                      26
    cstartup_M.o                 12
    data_init.o                  40
    memchr.o                     88
    packbits_init.o             208
    strchr.o                     22
    strlen.o                     54
    zero_init3.o                 34
    -------------------------------------------------
    Total:                      864

    Gaps                         36        4        1
    Linker created                        44    5 120
-----------------------------------------------------
    Grand Total:             27 304      790    6 146


*******************************************************************************
*** ENTRY LIST
***

Entry                      Address   Size  Type      Object
-----                      -------   ----  ----      ------
.iar.init_table$$Base   0x0800695c          --   Gb  - Linker created -
.iar.init_table$$Limit  0x08006988          --   Gb  - Linker created -
?main                   0x08006989         Code  Gb  cmain.o [5]
ADC_Init                0x080057b9  0x166  Code  Lc  stm32f4xx_hal_adc.o [1]
APBAHBPrescTable        0x08006c0c   0x10  Data  Gb  stm32f4xx_hal_rcc.o [1]
ASCII_WIN               0x080068d0   0x40  Data  Gb  wh1604.o [1]
AddPointer              0x08002059   0xba  Code  Gb  menu.o [1]
CH1Menu                 0x0800230d  0x168  Code  Gb  menu.o [1]
CH2Menu                 0x08002475  0x168  Code  Gb  menu.o [1]
CSTACK$$Base            0x20000408          --   Gb  - Linker created -
CSTACK$$Limit           0x20001408          --   Gb  - Linker created -
ChangeData              0x08002115  0x1f4  Code  Gb  menu.o [1]
ChargeMenu              0x08002d3d  0x1b2  Code  Gb  menu.o [1]
DischargeMenu           0x080025dd   0x4e  Code  Gb  menu.o [1]
EXTI3_IRQHandler        0x08006885    0xa  Code  Gb  stm32f4xx_it.o [1]
EXTI4_IRQHandler        0x0800688f    0xa  Code  Gb  stm32f4xx_it.o [1]
EXTI9_5_IRQHandler      0x08006899   0x16  Code  Gb  stm32f4xx_it.o [1]
EventProcessing         0x080041cd  0x166  Code  Gb  protocol.o [1]
GetADC1                 0x08003b93   0x56  Code  Gb  channel_driver.o [1]
GetADC11                0x08003c3b   0x56  Code  Gb  channel_driver.o [1]
GetADC2                 0x08003be9   0x52  Code  Gb  channel_driver.o [1]
GetADC21                0x08003c91   0x52  Code  Gb  channel_driver.o [1]
GetBatteryCurrent       0x08003aaf   0x8a  Code  Gb  channel_driver.o [1]
GetBatteryVoltage       0x08003a31   0x7e  Code  Gb  channel_driver.o [1]
GetEncoderButton        0x08003115   0x10  Code  Gb  encoder.o [1]
GetEncoderPosition      0x0800310d    0x8  Code  Gb  encoder.o [1]
GetExternalVoltage      0x080039a7   0x8a  Code  Gb  channel_driver.o [1]
GetStatusCH1            0x080030d1    0x6  Code  Gb  encoder.o [1]
GetStatusCH2            0x080030d7    0x6  Code  Gb  encoder.o [1]
GetTimerCH1             0x08003761    0x6  Code  Gb  timer.o [1]
GetTimerCH2             0x08003767    0x6  Code  Gb  timer.o [1]
HAL_ADC_ConfigChannel   0x08005635  0x184  Code  Gb  stm32f4xx_hal_adc.o [1]
HAL_ADC_GetValue        0x0800562f    0x6  Code  Gb  stm32f4xx_hal_adc.o [1]
HAL_ADC_Init            0x080054a5   0x48  Code  Gb  stm32f4xx_hal_adc.o [1]
HAL_ADC_MspInit         0x08004c37   0x56  Code  Gb  stm32f4xx_hal_msp.o [1]
HAL_ADC_PollForConversion
                        0x080055bb   0x74  Code  Gb  stm32f4xx_hal_adc.o [1]
HAL_ADC_Start           0x080054ed   0xb6  Code  Gb  stm32f4xx_hal_adc.o [1]
HAL_ADC_Stop            0x080055a3   0x18  Code  Gb  stm32f4xx_hal_adc.o [1]
HAL_Delay               0x080034dd   0x1a  Code  Wk  stm32f4xx_hal.o [1]
HAL_GPIO_EXTI_Callback  0x08003125   0xb4  Code  Wk  encoder.o [1]
HAL_GPIO_EXTI_IRQHandler
                        0x0800340f   0x1e  Code  Gb  stm32f4xx_hal_gpio.o [1]
HAL_GPIO_Init           0x080031f5  0x1ee  Code  Gb  stm32f4xx_hal_gpio.o [1]
HAL_GPIO_ReadPin        0x080033e3   0x18  Code  Gb  stm32f4xx_hal_gpio.o [1]
HAL_GPIO_WritePin       0x080033fb   0x14  Code  Gb  stm32f4xx_hal_gpio.o [1]
HAL_GetTick             0x080034d7    0x6  Code  Wk  stm32f4xx_hal.o [1]
HAL_IncTick             0x080034cb    0xc  Code  Wk  stm32f4xx_hal.o [1]
HAL_Init                0x0800346d   0x3a  Code  Gb  stm32f4xx_hal.o [1]
HAL_InitTick            0x080034a7   0x24  Code  Wk  stm32f4xx_hal.o [1]
HAL_MspInit             0x08004c21   0x16  Code  Gb  stm32f4xx_hal_msp.o [1]
HAL_NVIC_EnableIRQ      0x08004bbb    0xe  Code  Gb  stm32f4xx_hal_cortex.o [1]
HAL_NVIC_SetPriority    0x08004b95   0x26  Code  Gb  stm32f4xx_hal_cortex.o [1]
HAL_NVIC_SetPriorityGrouping
                        0x08004b89    0xc  Code  Gb  stm32f4xx_hal_cortex.o [1]
HAL_RCC_ClockConfig     0x08005101  0x288  Code  Gb  stm32f4xx_hal_rcc.o [1]
HAL_RCC_GetHCLKFreq     0x08005433   0x2c  Code  Gb  stm32f4xx_hal_rcc.o [1]
HAL_RCC_GetSysClockFreq
                        0x08005389   0xaa  Code  Wk  stm32f4xx_hal_rcc.o [1]
HAL_RCC_OscConfig       0x08004d79  0x388  Code  Wk  stm32f4xx_hal_rcc.o [1]
HAL_SPI_Init            0x08005935   0x8c  Code  Gb  stm32f4xx_hal_spi.o [1]
HAL_SPI_MspInit         0x08004c8d   0x4a  Code  Gb  stm32f4xx_hal_msp.o [1]
HAL_SPI_TransmitReceive
                        0x080059c1  0x372  Code  Gb  stm32f4xx_hal_spi.o [1]
HAL_SYSTICK_CLKSourceConfig
                        0x08004bd5   0x20  Code  Gb  stm32f4xx_hal_cortex.o [1]
HAL_SYSTICK_Callback    0x08004c1d    0x2  Code  Wk  stm32f4xx_hal_cortex.o [1]
HAL_SYSTICK_Config      0x08004bc9    0xc  Code  Gb  stm32f4xx_hal_cortex.o [1]
HAL_SYSTICK_IRQHandler  0x08004c15    0x8  Code  Gb  stm32f4xx_hal_cortex.o [1]
HAL_TIMEx_BreakCallback
                        0x08006385    0x2  Code  Wk  stm32f4xx_hal_tim_ex.o [1]
HAL_TIMEx_CommutationCallback
                        0x08006383    0x2  Code  Wk  stm32f4xx_hal_tim_ex.o [1]
HAL_TIMEx_ConfigBreakDeadTime
                        0x0800633b   0x48  Code  Gb  stm32f4xx_hal_tim_ex.o [1]
HAL_TIMEx_MasterConfigSynchronization
                        0x080062e1   0x5a  Code  Gb  stm32f4xx_hal_tim_ex.o [1]
HAL_TIM_Base_Init       0x08004379   0x38  Code  Gb  stm32f4xx_hal_tim.o [1]
HAL_TIM_Base_MspInit    0x08004cd7   0x82  Code  Gb  stm32f4xx_hal_msp.o [1]
HAL_TIM_Base_Start_IT   0x080043b1   0x1e  Code  Gb  stm32f4xx_hal_tim.o [1]
HAL_TIM_IC_CaptureCallback
                        0x080047ab    0x2  Code  Wk  stm32f4xx_hal_tim.o [1]
HAL_TIM_IRQHandler      0x08004531  0x176  Code  Gb  stm32f4xx_hal_tim.o [1]
HAL_TIM_OC_DelayElapsedCallback
                        0x080047a9    0x2  Code  Wk  stm32f4xx_hal_tim.o [1]
HAL_TIM_PWM_ConfigChannel
                        0x080046a7  0x100  Code  Gb  stm32f4xx_hal_tim.o [1]
HAL_TIM_PWM_Init        0x080043cf   0x38  Code  Gb  stm32f4xx_hal_tim.o [1]
HAL_TIM_PWM_MspInit     0x08004407   0x4c  Code  Wk  stm32f4xx_hal_tim.o [1]
HAL_TIM_PWM_PulseFinishedCallback
                        0x080047ad    0x2  Code  Wk  stm32f4xx_hal_tim.o [1]
HAL_TIM_PWM_Start       0x08004453   0x4c  Code  Gb  stm32f4xx_hal_tim.o [1]
HAL_TIM_PWM_Stop        0x0800449f   0x82  Code  Gb  stm32f4xx_hal_tim.o [1]
HAL_TIM_PeriodElapsedCallback
                        0x080047a7    0x2  Code  Wk  stm32f4xx_hal_tim.o [1]
HAL_TIM_TriggerCallback
                        0x080047af    0x2  Code  Wk  stm32f4xx_hal_tim.o [1]
HAL_UART_ErrorCallback  0x0800608d    0x2  Code  Wk  stm32f4xx_hal_uart.o [1]
HAL_UART_IRQHandler     0x08005f21  0x168  Code  Gb  stm32f4xx_hal_uart.o [1]
HAL_UART_RxCpltCallback
                        0x0800608b    0x2  Code  Wk  stm32f4xx_hal_uart.o [1]
HAL_UART_Transmit       0x08005e25   0xfc  Code  Gb  stm32f4xx_hal_uart.o [1]
HAL_UART_TxCpltCallback
                        0x08006089    0x2  Code  Wk  stm32f4xx_hal_uart.o [1]
HEAP$$Base              0x20001408          --   Gb  - Linker created -
HEAP$$Limit             0x20001808          --   Gb  - Linker created -
InStream_Read           0x08006729   0x22  Code  Lc  packbits_init.o [5]
InitLCD                 0x08003689   0x1c  Code  Gb  wh1604.o [1]
LoadInt                 0x080007bd   0x6e  Code  Lc  xprintffull.o [3]
MX_ADC1_Init            0x08003925   0x82  Code  Gb  channel_driver.o [1]
MX_GPIO_Init            0x0800659d  0x152  Code  Lc  main.o [1]
MX_SPI1_Init            0x0800647f   0x56  Code  Lc  main.o [1]
MX_TIM6_Init            0x080064d5   0x38  Code  Lc  main.o [1]
MX_TIM8_Init            0x0800650d   0x8a  Code  Lc  main.o [1]
MainMenu                0x08002bad  0x152  Code  Gb  menu.o [1]
NVIC_EnableIRQ          0x08004ae1   0x14  Code  Lc  stm32f4xx_hal_cortex.o [1]
NVIC_EncodePriority     0x08004b1b   0x3e  Code  Lc  stm32f4xx_hal_cortex.o [1]
NVIC_GetPriorityGrouping
                        0x08004ad7    0xa  Code  Lc  stm32f4xx_hal_cortex.o [1]
NVIC_SetPriority        0x08004af5   0x26  Code  Lc  stm32f4xx_hal_cortex.o [1]
NVIC_SetPriorityGrouping
                        0x08004ab9   0x1e  Code  Lc  stm32f4xx_hal_cortex.o [1]
OFF_LED1                0x08003775   0x16  Code  Gb  timer.o [1]
OFF_LED2                0x080037a3   0x16  Code  Gb  timer.o [1]
ON_CH1                  0x08003b39   0x2e  Code  Gb  channel_driver.o [1]
ON_CH2                  0x08003b67   0x2c  Code  Gb  channel_driver.o [1]
ON_LED1                 0x0800376d    0x8  Code  Gb  timer.o [1]
ON_LED2                 0x0800379b    0x8  Code  Gb  timer.o [1]
ON_LineControlCH1       0x08004131   0x9c  Code  Gb  protocol.o [1]
OUT_Port                0x08003535   0x3c  Code  Gb  wh1604.o [1]
OutLCD                  0x080036a5   0x8e  Code  Gb  wh1604.o [1]
PCMenu                  0x080028f9  0x138  Code  Gb  menu.o [1]
ProcedureMenu           0x0800262d  0x2ca  Code  Gb  menu.o [1]
Region$$Table$$Base     0x0800695c          --   Gb  - Linker created -
Region$$Table$$Limit    0x08006988          --   Gb  - Linker created -
ResetBlinkLED1          0x08003793    0x8  Code  Gb  timer.o [1]
ResetBlinkLED2          0x080037c1    0x8  Code  Gb  timer.o [1]
ResetEncoderPosition    0x080030f3    0xe  Code  Gb  encoder.o [1]
ResetStatusCH1          0x080030e5    0x8  Code  Gb  encoder.o [1]
ResetStatusCH2          0x080030dd    0x8  Code  Gb  encoder.o [1]
RunCH1                  0x08003d67  0x186  Code  Gb  channel_driver.o [1]
RunCH2                  0x08003eed  0x17a  Code  Gb  channel_driver.o [1]
RxData                  0x20000120   0x80  Data  Lc  protocol.o [1]
SPI_WaitOnFlagUntilTimeout
                        0x08005d33   0xf2  Code  Lc  stm32f4xx_hal_spi.o [1]
ServiceMenu             0x08002a45  0x14a  Code  Gb  menu.o [1]
SetBlinkLED1            0x0800378b    0x8  Code  Gb  timer.o [1]
SetBlinkLED2            0x080037b9    0x8  Code  Gb  timer.o [1]
SetDAC1                 0x08003ce3   0x42  Code  Gb  channel_driver.o [1]
SetDAC2                 0x08003d25   0x42  Code  Gb  channel_driver.o [1]
SetEncoderPosition      0x08003101    0xc  Code  Gb  encoder.o [1]
SetEncoderStep          0x080030ed    0x6  Code  Gb  encoder.o [1]
SetTimerCH1             0x08003755    0x6  Code  Gb  timer.o [1]
SetTimerCH2             0x0800375b    0x6  Code  Gb  timer.o [1]
StartExchange           0x08004127    0xa  Code  Gb  protocol.o [1]
StartTimerCH1           0x08003735    0x8  Code  Gb  timer.o [1]
StartTimerCH2           0x08003745    0x8  Code  Gb  timer.o [1]
StopExchange            0x080040cd   0x5a  Code  Gb  protocol.o [1]
StopTimerCH1            0x0800373d    0x8  Code  Gb  timer.o [1]
StopTimerCH2            0x0800374d    0x8  Code  Gb  timer.o [1]
SysTick_Config          0x08004b59   0x30  Code  Lc  stm32f4xx_hal_cortex.o [1]
SysTick_Handler         0x08006879    0xc  Code  Gb  stm32f4xx_it.o [1]
SystemClock_Config      0x080063d5   0xaa  Code  Gb  main.o [1]
SystemCoreClock         0x2000010c    0x4  Data  Gb  system_stm32f4xx.o [1]
SystemInit              0x0800680d   0x4c  Code  Gb  system_stm32f4xx.o [1]
TIM6_DAC_IRQHandler     0x080068b9    0xe  Code  Gb  stm32f4xx_it.o [1]
TIM_Base_SetConfig      0x080047b1   0xe6  Code  Gb  stm32f4xx_hal_tim.o [1]
TIM_CCxChannelCmd       0x08004915   0x1e  Code  Gb  stm32f4xx_hal_tim.o [1]
TIM_OC1_SetConfig       0x08004933   0x72  Code  Lc  stm32f4xx_hal_tim.o [1]
TIM_OC2_SetConfig       0x08004897   0x7c  Code  Gb  stm32f4xx_hal_tim.o [1]
TIM_OC3_SetConfig       0x080049a5   0x7a  Code  Lc  stm32f4xx_hal_tim.o [1]
TIM_OC4_SetConfig       0x08004a1f   0x64  Code  Lc  stm32f4xx_hal_tim.o [1]
Timer                   0x080037c9  0x12c  Code  Gb  timer.o [1]
UART4_IRQHandler        0x080068af    0xa  Code  Gb  stm32f4xx_it.o [1]
UART_EndTransmit_IT     0x080061eb   0x30  Code  Lc  stm32f4xx_hal_uart.o [1]
UART_Receive_IT         0x0800621b   0xc4  Code  Lc  stm32f4xx_hal_uart.o [1]
UART_Transmit_IT        0x08006171   0x7a  Code  Lc  stm32f4xx_hal_uart.o [1]
UART_WaitOnFlagUntilTimeout
                        0x0800608f   0xe2  Code  Lc  stm32f4xx_hal_uart.o [1]
WriteCommandLCD         0x08003571   0x80  Code  Gb  wh1604.o [1]
WriteDataLCD            0x080035f1   0x90  Code  Gb  wh1604.o [1]
_EncodingSb_Mbtowc      0x08001ef7   0x30  Code  Gb  xencoding_sb.o [3]
_EncodingSb_Wctomb      0x08001edd   0x1a  Code  Gb  xencoding_sb.o [3]
_GenldFull              0x08001047  0x24e  Code  Lc  xprintffull.o [3]
_IsdstStr               0x2000008c    0x4  Data  Gb  setlocale.o [3]
_LdtobFull              0x08000c45  0x3fc  Code  Lc  xprintffull.o [3]
_LitobFull              0x08000b3d  0x106  Code  Lc  xprintffull.o [3]
_LocaleEncoding         0x08001ec9    0xe  Code  Gb  setlocale.o [3]
_LocaleReturnString     0x200000ac   0x50  Data  Lc  setlocale.o [3]
_Locale_Profile         0x20000090   0x1c  Data  Gb  setlocale.o [3]
_Locale_aeabi_lconv     0x20000050   0x38  Data  Gb  localeconv.o [3]
_Locale_lconv           0x20000000   0x50  Data  Gb  localeconv.o [3]
_Mbtowc                 0x080012df   0x20  Code  Gb  xmbtowc.o [3]
_PrintfFull             0x08000189  0x61e  Code  Gb  xprintffull.o [3]
_PutcharsFull           0x08001295   0x2e  Code  Lc  xprintffull.o [3]
_PutstrFull             0x0800082b  0x30c  Code  Lc  xprintffull.o [3]
_SProut                 0x08001337    0xa  Code  Gb  xsprout.o [3]
_TzoneStr               0x20000088    0x4  Data  Gb  setlocale.o [3]
_Wctomb                 0x0800148d   0x1a  Code  Gb  xwctomb.o [3]
__aeabi_cdcmple         0x080016d1         Code  Gb  DblCmpLe.o [4]
__aeabi_cdrcmple        0x08001701         Code  Gb  DblCmpGe.o [4]
__aeabi_d2f             0x08003041         Code  Gb  DblToFlt.o [4]
__aeabi_d2iz            0x08001849         Code  Gb  DblToI32.o [4]
__aeabi_d2uiz           0x08001875         Code  Gb  DblToI32.o [4]
__aeabi_dadd            0x08001f6d         Code  Gb  DblAdd.o [4]
__aeabi_ddiv            0x08001bf5         Code  Gb  DblDiv.o [4]
__aeabi_dmul            0x08001a51         Code  Gb  DblMul.o [4]
__aeabi_dsub            0x080018d1         Code  Gb  DblSub.o [4]
__aeabi_f2d             0x08002ff1         Code  Gb  FltToDbl.o [4]
__aeabi_i2d             0x080018a1         Code  Gb  I32ToDbl.o [4]
__aeabi_ldiv0           0x08001f69         Code  Gb  I64DivZer.o [5]
__aeabi_ui2d            0x080018b5         Code  Gb  I32ToDbl.o [4]
__aeabi_uldivmod        0x080015a1         Code  Gb  I64DivMod.o [5]
__cmain                 0x08006989         Code  Gb  cmain.o [5]
__data_Aldata           0x20000374    0x8  Data  Gb  xxmemxmalloc.o [3]
__data_GetMemChunk      0x08001f3d   0x2c  Code  Gb  xgetmemchunk.o [3]
__exit                  0x08006801         Code  Gb  XXexit.o [5]
__iar_Dnorm             0x0800168f   0x42  Code  Gb  xdnorm.o [4]
__iar_Dscale            0x08001731  0x118  Code  Gb  xdscale.o [4]
__iar_Locale_lconv_init
                        0x08001e4d   0x3a  Code  Gb  localeconv.o [3]
__iar_Mbcurmax          0x080013d1    0xa  Code  Gb  xmbcurmax.o [3]
__iar_Memchr            0x08001379         Code  Gb  memchr.o [5]
__iar_Strchr            0x08001321         Code  Gb  strchr.o [5]
__iar_d2uiz             0x08001881         Code  Gb  DblToI32.o [4]
__iar_dadd              0x08001f81         Code  Gb  DblAdd.o [4]
__iar_data_init3        0x08006911   0x28  Code  Gb  data_init.o [5]
__iar_dlib_perthread_access
                        0x08002055    0x2  Code  Gb  xtls.o [3]
__iar_dsub              0x080018e5         Code  Gb  DblSub.o [4]
__iar_dsubStart         0x080018f7         Code  Gb  DblSub.o [4]
__iar_init_vfp          0x08006939         Code  Gb  fpinit_M.o [4]
__iar_packbits_init3    0x0800674b   0xae  Code  Gb  packbits_init.o [5]
__iar_program_start     0x08006c2d         Code  Gb  cstartup_M.o [5]
__iar_ui2d              0x080018b9         Code  Gb  I32ToDbl.o [4]
__iar_unaligned___aeabi_memcpy
                        0x080014a9         Code  Gb  ABImemcpy_unaligned.o [5]
__iar_unaligned___aeabi_memcpy4
                        0x080014c9         Code  Gb  ABImemcpy_unaligned.o [5]
__iar_unaligned___aeabi_memcpy8
                        0x080014c9         Code  Gb  ABImemcpy_unaligned.o [5]
__iar_zero_init3        0x080012ff   0x22  Code  Gb  zero_init3.o [5]
__low_level_init        0x080069a3    0x4  Code  Gb  low_level_init.o [3]
__vector_table          0x08000000         Data  Gb  startup_stm32f405xx.o [1]
_anode_ch1              0x2000011d    0x1  Data  Lc  protocol.o [1]
_anode_ch2              0x2000011e    0x1  Data  Lc  protocol.o [1]
_call_main              0x08006995         Code  Gb  cmain.o [5]
_current_ch1            0x200003d4    0x4  Data  Lc  protocol.o [1]
_current_ch2            0x200003d8    0x4  Data  Lc  protocol.o [1]
_exit                   0x080069ad         Code  Gb  cexit.o [5]
_main                   0x0800699f         Code  Gb  cmain.o [5]
_status_ch1             0x200003f2    0x1  Data  Lc  protocol.o [1]
_status_ch2             0x200003f3    0x1  Data  Lc  protocol.o [1]
_time_ch1               0x2000011b    0x1  Data  Lc  protocol.o [1]
_time_ch2               0x2000011c    0x1  Data  Lc  protocol.o [1]
abort                   0x080067f9    0x6  Code  Gb  abort.o [3]
abs                     0x08004ab1    0x8  Code  Gb  abs.o [3]
anode_ch1               0x20000113    0x1  Data  Lc  menu.o [1]
anode_ch2               0x20000114    0x1  Data  Lc  menu.o [1]
bl_led1                 0x200003fc    0x1  Data  Lc  timer.o [1]
bl_led2                 0x200003fe    0x1  Data  Lc  timer.o [1]
button                  0x200003ee    0x1  Data  Lc  encoder.o [1]
ch1_status              0x200003ef    0x1  Data  Gb  encoder.o [1]
ch2_status              0x200003f0    0x1  Data  Gb  encoder.o [1]
current_ch1             0x200000fc    0x4  Data  Lc  menu.o [1]
current_ch2             0x20000100    0x4  Data  Lc  menu.o [1]
div                     0x08001eb9    0xe  Code  Gb  div.o [3]
end_ch1                 0x200003f4    0x1  Data  Lc  protocol.o [1]
end_ch2                 0x200003f5    0x1  Data  Lc  protocol.o [1]
exit                    0x080069a7    0x4  Code  Gb  exit.o [3]
flag_ch1                0x200003f9    0x1  Data  Lc  timer.o [1]
flag_ch2                0x200003fa    0x1  Data  Lc  timer.o [1]
free                    0x08001521   0x7a  Code  Gb  xxmemxfree.o [3]
hadc1                   0x200001f8   0x44  Data  Gb  channel_driver.o [1]
hspi1                   0x200001a0   0x58  Data  Gb  main.o [1]
htim6                   0x2000027c   0x3c  Data  Gb  main.o [1]
htim8                   0x200002b8   0x3c  Data  Gb  main.o [1]
huart4                  0x2000023c   0x40  Data  Gb  protocol.o [1]
led1                    0x200003fb    0x1  Data  Lc  timer.o [1]
led2                    0x200003fd    0x1  Data  Lc  timer.o [1]
localeconv              0x08001e87   0x16  Code  Gb  localeconv.o [3]
main                    0x08006389   0x4c  Code  Gb  main.o [1]
malloc                  0x080013dd   0xac  Code  Gb  xxmemxmalloc.o [3]
memchr                  0x08001379         Code  Gb  memchr.o [5]
pos                     0x20000390    0x4  Data  Lc  encoder.o [1]
position                0x2000038c    0x4  Data  Lc  encoder.o [1]
ready                   0x200003f1    0x1  Data  Lc  protocol.o [1]
sprintf                 0x08003501   0x34  Code  Gb  sprintf.o [3]
step                    0x20000110    0x1  Data  Gb  encoder.o [1]
stop_exchange           0x200003f6    0x1  Data  Lc  protocol.o [1]
str1                    0x200002f4   0x20  Data  Gb  menu.o [1]
str2                    0x20000314   0x20  Data  Gb  menu.o [1]
str3                    0x20000334   0x20  Data  Gb  menu.o [1]
str4                    0x20000354   0x20  Data  Gb  menu.o [1]
strchr                  0x08001321         Code  Gb  strchr.o [5]
strlen                  0x08001341         Code  Gb  strlen.o [5]
time_ch1                0x20000111    0x1  Data  Lc  menu.o [1]
time_ch1                0x200003e0    0x4  Data  Lc  timer.o [1]
time_ch2                0x20000112    0x1  Data  Lc  menu.o [1]
time_ch2                0x200003e4    0x4  Data  Lc  timer.o [1]
uwTick                  0x200003dc    0x4  Data  Lc  stm32f4xx_hal.o [1]


[1] = D:\polaris_board\polaris_board\EWARM\polaris_board Configuration\Obj
[2] = command line
[3] = dl7M_tlf.a
[4] = m7M_tls.a
[5] = rt7M_tl.a

  27 304 bytes of readonly  code memory
     790 bytes of readonly  data memory
   6 146 bytes of readwrite data memory

Errors: none
Warnings: none
